// Jest Snapshot v1, https://goo.gl/fbAQLP

exports[`App tests should render default App component 1`] = `
<BrowserRouter>
  <LocalStorageContextProvider>
    <AppLayout>
      <Component />
    </AppLayout>
  </LocalStorageContextProvider>
</BrowserRouter>
`;
